// Jest Snapshot v1, https://goo.gl/fbAQLP

exports[`Note component renders a Note 1`] = `
<li
  className="noteList"
>
  <h2
    className="noteTitle"
  >
    <Link
      to="/note/undefined"
    />
  </h2>
  <p
    className="noteDate"
  >
    Date modified on  
    Invalid Date
  </p>
  <button
    className="deleteButton"
    onClick={[Function]}
    type="button"
  >
    Delete Note
  </button>
</li>
`;
