// Jest Snapshot v1, https://goo.gl/fbAQLP

exports[`NoteContent component renders Note Content 1`] = `
<div
  className="selectedNote"
>
  <Note
    onDeleteNote={[Function]}
  />
  <div
    className="noteContent"
  >
    <p
      key="0"
    />
  </div>
</div>
`;

exports[`NoteContent component renders a Note with note prop 1`] = `
<Note
  onDeleteNote={[Function]}
/>
`;
